******************************************************************************
                  TI ARM Linker PC v18.12.8                    
******************************************************************************
>> Linked Fri Mar  3 10:53:51 2023

OUTPUT FILE NAME:   <lab3.2.out>
ENTRY POINT SYMBOL: "_c_int00_noargs"  address: 000006c1


MEMORY CONFIGURATION

         name            origin    length      used     unused   attr    fill
----------------------  --------  ---------  --------  --------  ----  --------
  FLASH                 00000000   00040000  000007f2  0003f80e  R  X
  SRAM                  20000000   00008000  00000338  00007cc8  RW X


SEGMENT ALLOCATION MAP

run origin  load origin   length   init length attrs members
----------  ----------- ---------- ----------- ----- -------
00000000    00000000    000007f4   000007f4    r-x
  00000000    00000000    0000026c   0000026c    r-- .intvecs
  0000026c    0000026c    000004aa   000004aa    r-x .text
  00000718    00000718    000000dc   000000dc    r-- .cinit
20000000    20000000    00000338   00000000    rw-
  20000000    20000000    00000200   00000000    rw- .stack
  20000200    20000200    00000138   00000000    rw- .data


SECTION ALLOCATION MAP

 output                                  attributes/
section   page    origin      length       input sections
--------  ----  ----------  ----------   ----------------
.intvecs   0    00000000    0000026c     
                  00000000    0000026c     tm4c123gh6pm_startup_ccs.obj (.intvecs)

.text      0    0000026c    000004aa     
                  0000026c    00000286     lab3.obj (.text)
                  000004f2    0000009c     rtsv7M4_T_le_v4SPD16_eabi.lib : memcpy_t2.asm.obj (.text)
                  0000058e    00000002     --HOLE-- [fill = 0]
                  00000590    00000084     main.obj (.text)
                  00000614    00000068     rtsv7M4_T_le_v4SPD16_eabi.lib : copy_decompress_lzss.c.obj (.text:decompress:lzss:__TI_decompress_lzss)
                  0000067c    00000044                                   : autoinit.c.obj (.text:__TI_auto_init_nobinit_nopinit:__TI_auto_init_nobinit_nopinit)
                  000006c0    00000034                                   : boot_cortex_m.c.obj (.text:_c_int00_noargs:_c_int00_noargs)
                  000006f4    0000000e                                   : copy_decompress_none.c.obj (.text:decompress:none:__TI_decompress_none)
                  00000702    0000000c     tm4c123gh6pm_startup_ccs.obj (.text)
                  0000070e    00000004     rtsv7M4_T_le_v4SPD16_eabi.lib : pre_init.c.obj (.text:_system_pre_init)
                  00000712    00000004                                   : exit.c.obj (.text:abort:abort)

.cinit     0    00000718    000000dc     
                  00000718    000000cc     (.cinit..data.load) [load image, compression = lzss]
                  000007e4    00000008     (__TI_handler_table)
                  000007ec    00000008     (__TI_cinit_table)

.init_array 
*          0    00000000    00000000     UNINITIALIZED

.data      0    20000200    00000138     UNINITIALIZED
                  20000200    00000138     lab3.obj (.data)

.stack     0    20000000    00000200     UNINITIALIZED
                  20000000    00000004     rtsv7M4_T_le_v4SPD16_eabi.lib : boot_cortex_m.c.obj (.stack)
                  20000004    000001fc     --HOLE--

MODULE SUMMARY

       Module                         code   ro data   rw data
       ------                         ----   -------   -------
    .\
       lab3.obj                       646    0         312    
       tm4c123gh6pm_startup_ccs.obj   12     620       0      
       main.obj                       132    0         0      
    +--+------------------------------+------+---------+---------+
       Total:                         790    620       312    
                                                              
    C:\ti\ccs930\ccs\tools\compiler\ti-cgt-arm_18.12.8.LTS\lib\rtsv7M4_T_le_v4SPD16_eabi.lib
       memcpy_t2.asm.obj              156    0         0      
       copy_decompress_lzss.c.obj     104    0         0      
       autoinit.c.obj                 68     0         0      
       boot_cortex_m.c.obj            52     0         0      
       copy_decompress_none.c.obj     14     0         0      
       exit.c.obj                     4      0         0      
       pre_init.c.obj                 4      0         0      
    +--+------------------------------+------+---------+---------+
       Total:                         402    0         0      
                                                              
       Stack:                         0      0         512    
       Linker Generated:              0      220       0      
    +--+------------------------------+------+---------+---------+
       Grand Total:                   1192   840       824    


LINKER GENERATED COPY TABLES

__TI_cinit_table @ 000007ec records: 1, size/record: 8, table size: 8
	.data: load addr=00000718, load size=000000cc bytes, run addr=20000200, run size=00000138 bytes, compression=lzss


LINKER GENERATED HANDLER TABLE

__TI_handler_table @ 000007e4 records: 2, size/record: 4, table size: 8
	index: 0, handler: __TI_decompress_lzss
	index: 1, handler: __TI_decompress_none


GLOBAL SYMBOLS: SORTED ALPHABETICALLY BY Name 

address   name                          
-------   ----                          
00000713  C$$EXIT                       
00000703  ResetISR                      
20000200  __STACK_END                   
00000200  __STACK_SIZE                  
20000200  __STACK_TOP                   
000007ec  __TI_CINIT_Base               
000007f4  __TI_CINIT_Limit              
000007e4  __TI_Handler_Table_Base       
000007ec  __TI_Handler_Table_Limit      
0000067d  __TI_auto_init_nobinit_nopinit
00000615  __TI_decompress_lzss          
000006f5  __TI_decompress_none          
ffffffff  __TI_pprof_out_hndl           
ffffffff  __TI_prof_data_size           
ffffffff  __TI_prof_data_start          
00000000  __TI_static_base__            
000004f3  __aeabi_memcpy                
000004f3  __aeabi_memcpy4               
000004f3  __aeabi_memcpy8               
ffffffff  __binit__                     
ffffffff  __c_args__                    
UNDEFED   __mpu_init                    
20000000  __stack                       
000006c1  _c_int00_noargs               
UNDEFED   _system_post_cinit            
0000070f  _system_pre_init              
00000713  abort                         
ffffffff  binit                         
00000000  g_pfnVectors                  
00000291  lab3                          
000005e3  main                          
000004f3  memcpy                        
200002e3  num_1_string                  
2000030d  num_2_string                  
20000234  prompt                        
00000591  serial_init                   


GLOBAL SYMBOLS: SORTED BY Symbol Address 

address   name                          
-------   ----                          
00000000  __TI_static_base__            
00000000  g_pfnVectors                  
00000200  __STACK_SIZE                  
00000291  lab3                          
000004f3  __aeabi_memcpy                
000004f3  __aeabi_memcpy4               
000004f3  __aeabi_memcpy8               
000004f3  memcpy                        
00000591  serial_init                   
000005e3  main                          
00000615  __TI_decompress_lzss          
0000067d  __TI_auto_init_nobinit_nopinit
000006c1  _c_int00_noargs               
000006f5  __TI_decompress_none          
00000703  ResetISR                      
0000070f  _system_pre_init              
00000713  C$$EXIT                       
00000713  abort                         
000007e4  __TI_Handler_Table_Base       
000007ec  __TI_CINIT_Base               
000007ec  __TI_Handler_Table_Limit      
000007f4  __TI_CINIT_Limit              
20000000  __stack                       
20000200  __STACK_END                   
20000200  __STACK_TOP                   
20000234  prompt                        
200002e3  num_1_string                  
2000030d  num_2_string                  
ffffffff  __TI_pprof_out_hndl           
ffffffff  __TI_prof_data_size           
ffffffff  __TI_prof_data_start          
ffffffff  __binit__                     
ffffffff  __c_args__                    
ffffffff  binit                         
UNDEFED   __mpu_init                    
UNDEFED   _system_post_cinit            

[36 symbols]
